<?xml version="1.0" encoding="UTF-8" ?>
<testsuites disabled="0" errors="0" failures="0" tests="1" time="9.032">
 <testsuite name="Angular Sample application::" timestamp="2018-08-03T03:45:44" hostname="localhost" time="9.032" errors="0" tests="1" skipped="0" disabled="0" failures="0">
  <testcase classname="Angular Sample application::" name="The resulting text should match &quot;Hello Anisha!&quot;" time="9.028" />
 </testsuite>
</testsuites>